// Jest Snapshot v1, https://goo.gl/fbAQLP

exports[`should correctly render Loading Page 1`] = `
<styled.div>
  <styled.img
    src="/images/loader.gif"
  />
</styled.div>
`;
